node.exe : FAIL src/co
mponents/settings/__te
sts__/AccountSettings.
test.tsx (24.047 s)
位於 線路:1 字元:1
+ & "D:\Node.js/node.e
xe" "C:\Users\USER\App
Data\Roaming\npm/node_
modul ...
+ ~~~~~~~~~~~~~~~~~~~~
~~~~~~~~~~~~~~~~~~~~~~
~~~~~~~~~~~~~~~~~~~~~~
~~~~~
    + CategoryInfo    
          : NotSpeci  
  fied: (FAIL src/c   
 ompon....tsx (24.    
047 s):String) []    ,
 RemoteException
    + FullyQualifiedE 
   rrorId : NativeCo  
  mmandError
 
  AccountSettings
    × renders account 
list correctly (6135 m
s)
    √ calls updateAcco
untOrderDB when moving
 items up (770 ms)
    √ calls updateAcco
untOrderDB when moving
 items down (556 ms)

  ● AccountSettings › 
renders account list c
orrectly

    thrown: "Exceeded 
timeout of 5000 ms for
 a test.
    Add a timeout valu
e to this test to incr
ease the timeout, if t
his is a long-running 
test. See https://jest
js.io/docs/api#testnam
e-fn-timeout."

    [0m [90m 41 |[3
9m     })[33m;[39m
     [90m 42 |[39m
    [31m[1m>[22m[3
9m[90m 43 |[39m     
it([32m'renders accou
nt list correctly'[39
m[33m,[39m [36masyn
c[39m () [33m=>[39m
 {
     [90m    |[39m  
   [31m[1m^[22m[39
m
     [90m 44 |[39m  
       [36mconst[39m
 { getByText } [33m=
[39m render([33m<[39
m[33mAccountSettings
[39m onBack[33m=[39m
{jest[33m.[39mfn()} 
colors[33m=[39m{{}} 
styles[33m=[39m{{}} 
[33m/[39m[33m>[39m
)[33m;[39m
     [90m 45 |[39m
     [90m 46 |[39m  
       [36mawait[39m
 waitFor(() [33m=>[3
9m {[0m

      at it (src/compo
nents/settings/__tests
__/AccountSettings.tes
t.tsx:43:5)
      at Object.descri
be (src/components/set
tings/__tests__/Accoun
tSettings.test.tsx:31:
1)

Test Suites: 1 failed,
 1 total
Tests:       1 failed,
 2 passed, 3 total
Snapshots:   0 total
Time:        26.928 s,
 estimated 41 s
Ran all test suites ma
tching /src\\component
s\\settings\\__tests__
\\AccountSettings.test
.tsx/i.
